2022-12-21 "Larry&Sergey Protobuf Moving Co."
Expenses:TBD Assets:UBS         1000 CHF

2022-12-31 "Denner"
Assets:UBS   Expenses:TBD        100 CHF

2022-12-31 balance Assets:UBS 900 CHF

