2023-01-20 "INTERACTIVE BROKERS LLC"
Expenses:TBD           Liabilities:CreditCard       1000 EUR

2023-01-21 "GOOGLE*TEMPORARY HOLD"
Liabilities:CreditCard Expenses:TBD                 1.44 EUR

